// Jest Snapshot v1, https://goo.gl/fbAQLP

exports[`Loader component should match snapshot 1`] = `
<p
  className="loader"
>
  Loading...
</p>
`;
