// Jest Snapshot v1, https://goo.gl/fbAQLP

exports[`List component should match snapshot 1`] = `
<section
  className="List"
>
  <h1>
    List of All Locations
  </h1>
  <ul />
</section>
`;
