// Jest Snapshot v1, https://goo.gl/fbAQLP

exports[`MapElement component should match snapshot 1`] = `
<div
  className="MapElement"
>
  <img
    alt="Map of England"
    src="map-of-england.svg"
  />
  <div
    className="MapLocationPoint"
    onClick={[Function]}
    style={
      Object {
        "left": "49%",
        "top": "30%",
      }
    }
  >
    <img
      alt="BrontÃ« Country"
      src="img/brontes-thumb.png"
    />
  </div>
  <div
    className="MapLocationPoint"
    onClick={[Function]}
    style={
      Object {
        "left": "27%",
        "top": "77%",
      }
    }
  >
    <img
      alt="A Romance of Exmoor"
      src="img/lorna-doone-thumb.png"
    />
  </div>
  <div
    className="MapLocationPoint"
    onClick={[Function]}
    style={
      Object {
        "left": "50%",
        "top": "58%",
      }
    }
  >
    <img
      alt="The Bard of Stratford-upon-Avon"
      src="img/shakespeare-thumb.png"
    />
  </div>
  <div
    className="MapLocationPoint"
    onClick={[Function]}
    style={
      Object {
        "left": "38%",
        "top": "20%",
      }
    }
  >
    <img
      alt="William Wordsworth's home"
      src="img/wordsworth-thumb.png"
    />
  </div>
  <div
    className="MapLocationPoint"
    onClick={[Function]}
    style={
      Object {
        "left": "60%",
        "top": "22%",
      }
    }
  >
    <img
      alt="Count Dracula Arrives in England"
      src="img/dracula-thumb.png"
    />
  </div>
  <div
    className="MapLocationPoint"
    onClick={[Function]}
    style={
      Object {
        "left": "70%",
        "top": "72%",
      }
    }
  >
    <img
      alt="London's Writers' Block"
      src="img/cheyne-thumb.png"
    />
  </div>
  <div
    className="MapLocationPoint"
    onClick={[Function]}
    style={
      Object {
        "left": "52%",
        "top": "37%",
      }
    }
  >
    <img
      alt="Romance in the English Civil War"
      src="img/peveril-peak-thumb.png"
    />
  </div>
  <div
    className="MapLocationPoint"
    onClick={[Function]}
    style={
      Object {
        "left": "46%",
        "top": "40%",
      }
    }
  >
    <i
      className="fas fa-thumbtack"
    />
  </div>
  <div
    className="MapLocationPoint"
    onClick={[Function]}
    style={
      Object {
        "left": "48%",
        "top": "38%",
      }
    }
  >
    <i
      className="fas fa-thumbtack"
    />
  </div>
  <div
    className="MapLocationPoint"
    onClick={[Function]}
    style={
      Object {
        "left": "62%",
        "top": "78%",
      }
    }
  >
    <i
      className="fas fa-thumbtack"
    />
  </div>
  <div
    className="MapLocationPoint"
    onClick={[Function]}
    style={
      Object {
        "left": "49%",
        "top": "55%",
      }
    }
  >
    <i
      className="fas fa-thumbtack"
    />
  </div>
  <div
    className="MapLocationPoint"
    onClick={[Function]}
    style={
      Object {
        "left": "62%",
        "top": "83%",
      }
    }
  >
    <i
      className="fas fa-thumbtack"
    />
  </div>
  <div
    className="MapLocationPoint"
    onClick={[Function]}
    style={
      Object {
        "left": "45%",
        "top": "85%",
      }
    }
  >
    <i
      className="fas fa-thumbtack"
    />
  </div>
  <div
    className="MapLocationPoint"
    onClick={[Function]}
    style={
      Object {
        "left": "17%",
        "top": "87%",
      }
    }
  >
    <i
      className="fas fa-thumbtack"
    />
  </div>
  <div
    className="MapLocationPoint"
    onClick={[Function]}
    style={
      Object {
        "left": "53%",
        "top": "70%",
      }
    }
  >
    <i
      className="fas fa-thumbtack"
    />
  </div>
  <div
    className="MapLocationPoint"
    onClick={[Function]}
    style={
      Object {
        "left": "39%",
        "top": "85%",
      }
    }
  >
    <i
      className="fas fa-thumbtack"
    />
  </div>
  <div
    className="MapLocationPoint"
    onClick={[Function]}
    style={
      Object {
        "left": "75%",
        "top": "80%",
      }
    }
  >
    <i
      className="fas fa-thumbtack"
    />
  </div>
</div>
`;
